192.168.43.22 - - [15/Aug/2025:09:14:03 +0000] "GET /index.html HTTP/1.1" 200 1534 "-" "Mozilla/5.0 (Windows NT 10.0; Win64; x64)"
203.0.113.45 - - [15/Aug/2025:09:14:05 +0000] "GET /style.css HTTP/1.1" 200 512 "-" "Mozilla/5.0 (Macintosh; Intel Mac OS X 10_15_7)"
198.51.100.72 - - [15/Aug/2025:09:14:06 +0000] "GET /images/banner.png HTTP/1.1" 200 2048 "-" "Mozilla/5.0 (Windows NT 6.1; Win64; x64)"
10.0.0.12 - - [15/Aug/2025:09:14:07 +0000] "POST /login HTTP/1.1" 302 112 "-" "Mozilla/5.0 (X11; Linux x86_64)"
192.168.43.22 - - [15/Aug/2025:09:14:09 +0000] "GET /dashboard.html HTTP/1.1" 200 3542 "-" "Mozilla/5.0 (Windows NT 10.0; Win64; x64)"
203.0.113.45 - - [15/Aug/2025:09:14:10 +0000] "GET /scripts/app.js HTTP/1.1" 200 945 "-" "Mozilla/5.0 (Macintosh; Intel Mac OS X 10_15_7)"
198.51.100.72 - - [15/Aug/2025:09:14:12 +0000] "GET /favicon.ico HTTP/1.1" 200 428 "-" "Mozilla/5.0 (Windows NT 6.1; Win64; x64)"
203.0.113.15 - - [15/Aug/2025:09:14:15 +0000] "GET /robots.txt HTTP/1.1" 200 212 "-" "Mozilla/5.0 (Windows NT 10.0; Win64; x64)"
192.0.2.50 - - [15/Aug/2025:09:14:19 +0000] "GET /contact.html HTTP/1.1" 200 1345 "-" "Mozilla/5.0 (Windows NT 10.0; Win64; x64)"
198.51.100.13 - - [15/Aug/2025:09:14:20 +0000] "GET /blog/post1.html HTTP/1.1" 200 2280 "-" "Mozilla/5.0 (Macintosh; Intel Mac OS X 10_14_6)"
192.168.43.22 - - [15/Aug/2025:09:14:23 +0000] "GET /assets/logo.svg HTTP/1.1" 200 345 "-" "Mozilla/5.0 (Windows NT 10.0; Win64; x64)"
203.0.113.45 - - [15/Aug/2025:09:14:25 +0000] "GET /scripts/analytics.js HTTP/1.1" 200 1256 "-" "Mozilla/5.0 (Macintosh; Intel Mac OS X 10_15_7)"
198.51.100.72 - - [15/Aug/2025:09:14:28 +0000] "GET /images/team.jpg HTTP/1.1" 200 4200 "-" "Mozilla/5.0 (Windows NT 6.1; Win64; x64)"
203.0.113.15 - - [15/Aug/2025:09:14:31 +0000] "GET /downloads/manual.pdf HTTP/1.1" 200 5643 "-" "Mozilla/5.0 (Windows NT 10.0; Win64; x64)"
192.0.2.99 - - [15/Aug/2025:09:14:35 +0000] "GET /about.html HTTP/1.1" 200 1987 "-" "Mozilla/5.0 (Windows NT 10.0; Win64; x64)"
198.51.100.33 - - [15/Aug/2025:09:14:40 +0000] "GET /scripts/main.js HTTP/1.1" 200 1840 "-" "Mozilla/5.0 (X11; Linux x86_64)"
192.168.43.22 - - [15/Aug/2025:09:14:43 +0000] "GET /reports/summary.html HTTP/1.1" 200 1745 "-" "Mozilla/5.0 (Windows NT 10.0; Win64; x64)"
203.0.113.45 - - [15/Aug/2025:09:14:45 +0000] "GET /images/chart.png HTTP/1.1" 200 2748 "-" "Mozilla/5.0 (Macintosh; Intel Mac OS X 10_15_7)"
198.51.100.72 - - [15/Aug/2025:09:14:48 +0000] "GET /archive/LP_The_Leash_Protocol HTTP/1.1" 200 1480 "-" "Mozilla/5.0 (X11; Linux x86_64)"
203.0.113.17 - - [15/Aug/2025:09:14:51 +0000] "GET /news.html HTTP/1.1" 200 1932 "-" "Mozilla/5.0 (Windows NT 10.0; Win64; x64)"
192.168.43.22 - - [15/Aug/2025:09:14:55 +0000] "GET /downloads/template.docx HTTP/1.1" 200 5345 "-" "Mozilla/5.0 (Windows NT 10.0; Win64; x64)"
203.0.113.45 - - [15/Aug/2025:09:14:57 +0000] "GET /assets/icons.svg HTTP/1.1" 200 856 "-" "Mozilla/5.0 (Macintosh; Intel Mac OS X 10_15_7)"
198.51.100.72 - - [15/Aug/2025:09:15:01 +0000] "GET /blog/post2.html HTTP/1.1" 200 2420 "-" "Mozilla/5.0 (Windows NT 6.1; Win64; x64)"
192.0.2.77 - - [15/Aug/2025:09:15:04 +0000] "GET /images/bg.jpg HTTP/1.1" 200 3900 "-" "Mozilla/5.0 (Macintosh; Intel Mac OS X 10_14_6)"
203.0.113.15 - - [15/Aug/2025:09:15:06 +0000] "GET /scripts/forms.js HTTP/1.1" 200 1124 "-" "Mozilla/5.0 (Windows NT 10.0; Win64; x64)"
192.0.2.50 - - [15/Aug/2025:09:15:09 +0000] "GET /support.html HTTP/1.1" 200 1634 "-" "Mozilla/5.0 (Windows NT 10.0; Win64; x64)"
198.51.100.13 - - [15/Aug/2025:09:15:12 +0000] "GET /privacy.html HTTP/1.1" 200 845 "-" "Mozilla/5.0 (Macintosh; Intel Mac OS X 10_14_6)"
192.168.43.22 - - [15/Aug/2025:09:15:15 +0000] "GET /images/gallery/photo1.jpg HTTP/1.1" 200 5100 "-" "Mozilla/5.0 (Windows NT 10.0; Win64; x64)"
203.0.113.45 - - [15/Aug/2025:09:15:17 +0000] "GET /images/gallery/photo2.jpg HTTP/1.1" 200 4980 "-" "Mozilla/5.0 (Macintosh; Intel Mac OS X 10_15_7)"
198.51.100.72 - - [15/Aug/2025:09:15:19 +0000] "GET /assets/fonts.woff2 HTTP/1.1" 200 784 "-" "Mozilla/5.0 (Windows NT 6.1; Win64; x64)"
203.0.113.15 - - [15/Aug/2025:09:15:21 +0000] "GET /terms.html HTTP/1.1" 200 1234 "-" "Mozilla/5.0 (Windows NT 10.0; Win64; x64)"
192.0.2.99 - - [15/Aug/2025:09:15:23 +0000] "GET /downloads/presentation.pptx HTTP/1.1" 200 6280 "-" "Mozilla/5.0 (Windows NT 10.0; Win64; x64)"
198.51.100.33 - - [15/Aug/2025:09:15:26 +0000] "GET /status HTTP/1.1" 200 345 "-" "Mozilla/5.0 (X11; Linux x86_64)"
192.168.43.22 - - [15/Aug/2025:09:15:29 +0000] "GET /reports/annual.html HTTP/1.1" 200 2834 "-" "Mozilla/5.0 (Windows NT 10.0; Win64; x64)"
203.0.113.45 - - [15/Aug/2025:09:15:31 +0000] "GET /images/promo.jpg HTTP/1.1" 200 4521 "-" "Mozilla/5.0 (Macintosh; Intel Mac OS X 10_15_7)"
198.51.100.72 - - [15/Aug/2025:09:15:33 +0000] "GET /videos/intro.mp4 HTTP/1.1" 200 10452 "-" "Mozilla/5.0 (Windows NT 6.1; Win64; x64)"
203.0.113.17 - - [15/Aug/2025:09:15:35 +0000] "GET /archive/index.html HTTP/1.1" 200 2150 "-" "Mozilla/5.0 (Windows NT 10.0; Win64; x64)"
192.168.43.22 - - [15/Aug/2025:09:15:38 +0000] "GET /logout HTTP/1.1" 302 0 "-" "Mozilla/5.0 (Windows NT 10.0; Win64; x64)"
192.168.43.22 - - [15/Aug/2025:09:15:15 +0000] "GET /images/gallery/photo1.jpg HTTP/1.1" 200 5100 "-" "Mozilla/5.0 (Windows NT 10.0; Win64; x64)"
203.0.113.45 - - [15/Aug/2025:09:15:17 +0000] "GET /images/gallery/photo2.jpg HTTP/1.1" 200 4980 "-" "Mozilla/5.0 (Macintosh; Intel Mac OS X 10_15_7)"
198.51.100.72 - - [15/Aug/2025:09:15:19 +0000] "GET /assets/fonts.woff2 HTTP/1.1" 200 784 "-" "Mozilla/5.0 (Windows NT 6.1; Win64; x64)"
203.0.113.15 - - [15/Aug/2025:09:15:21 +0000] "GET /terms.html HTTP/1.1" 200 1234 "-" "Mozilla/5.0 (Windows NT 10.0; Win64; x64)"
192.0.2.99 - - [15/Aug/2025:09:15:23 +0000] "GET /downloads/presentation.pptx HTTP/1.1" 200 6280 "-" "Mozilla/5.0 (Windows NT 10.0; Win64; x64)"
198.51.100.33 - - [15/Aug/2025:09:15:26 +0000] "GET /status HTTP/1.1" 200 345 "-" "Mozilla/5.0 (X11; Linux x86_64)"
192.168.43.22 - - [15/Aug/2025:09:15:29 +0000] "GET /reports/annual.html HTTP/1.1" 200 2834 "-" "Mozilla/5.0 (Windows NT 10.0; Win64; x64)"
203.0.113.45 - - [15/Aug/2025:09:15:31 +0000] "GET /images/promo.jpg HTTP/1.1" 200 4521 "-" "Mozilla/5.0 (Macintosh; Intel Mac OS X 10_15_7)"
198.51.100.72 - - [15/Aug/2025:09:15:33 +0000] "GET /videos/intro.mp4 HTTP/1.1" 200 10452 "-" "Mozilla/5.0 (Windows NT 6.1; Win64; x64)"
203.0.113.17 - - [15/Aug/2025:09:15:35 +0000] "GET /archive/index.html HTTP/1.1" 200 2150 "-" "Mozilla/5.0 (Windows NT 10.0; Win64; x64)"
192.168.43.22 - - [15/Aug/2025:09:15:38 +0000] "GET /logout HTTP/1.1" 302 0 "-" "Mozilla/5.0 (Windows NT 10.0; Win64; x64)"
192.168.43.22 - - [15/Aug/2025:09:14:23 +0000] "GET /assets/logo.svg HTTP/1.1" 200 345 "-" "Mozilla/5.0 (Windows NT 10.0; Win64; x64)"
203.0.113.45 - - [15/Aug/2025:09:14:25 +0000] "GET /scripts/analytics.js HTTP/1.1" 200 1256 "-" "Mozilla/5.0 (Macintosh; Intel Mac OS X 10_15_7)"
198.51.100.72 - - [15/Aug/2025:09:14:28 +0000] "GET /images/team.jpg HTTP/1.1" 200 4200 "-" "Mozilla/5.0 (Windows NT 6.1; Win64; x64)"
203.0.113.15 - - [15/Aug/2025:09:14:31 +0000] "GET /downloads/manual.pdf HTTP/1.1" 200 5643 "-" "Mozilla/5.0 (Windows NT 10.0; Win64; x64)"
192.0.2.99 - - [15/Aug/2025:09:14:35 +0000] "GET /about.html HTTP/1.1" 200 1987 "-" "Mozilla/5.0 (Windows NT 10.0; Win64; x64)"
198.51.100.33 - - [15/Aug/2025:09:14:40 +0000] "GET /scripts/main.js HTTP/1.1" 200 1840 "-" "Mozilla/5.0 (X11; Linux x86_64)"
192.168.43.22 - - [15/Aug/2025:09:14:43 +0000] "GET /reports/summary.html HTTP/1.1" 200 1745 "-" "Mozilla/5.0 (Windows NT 10.0; Win64; x64)"
203.0.113.45 - - [15/Aug/2025:09:14:45 +0000] "GET /images/chart.png HTTP/1.1" 200 2748 "-" "Mozilla/5.0 (Macintosh; Intel Mac OS X 10_15_7)"
198.51.100.72 - - [15/Aug/2025:09:14:48 +0000] "GET /archive/LP_The_Leash_Protocol HTTP/1.1" 200 1480 "-" "Mozilla/5.0 (X11; Linux x86_64)"
203.0.113.17 - - [15/Aug/2025:09:14:51 +0000] "GET /news.html HTTP/1.1" 200 1932 "-" "Mozilla/5.0 (Windows NT 10.0; Win64; x64)"
192.168.43.22 - - [15/Aug/2025:09:14:55 +0000] "GET /downloads/template.docx HTTP/1.1" 200 5345 "-" "Mozilla/5.0 (Windows NT 10.0; Win64; x64)"
203.0.113.45 - - [15/Aug/2025:09:14:57 +0000] "GET /assets/icons.svg HTTP/1.1" 200 856 "-" "Mozilla/5.0 (Macintosh; Intel Mac OS X 10_15_7)"
198.51.100.72 - - [15/Aug/2025:09:15:01 +0000] "GET /blog/post2.html HTTP/1.1" 200 2420 "-" "Mozilla/5.0 (Windows NT 6.1; Win64; x64)"
192.0.2.77 - - [15/Aug/2025:09:15:04 +0000] "GET /images/bg.jpg HTTP/1.1" 200 3900 "-" "Mozilla/5.0 (Macintosh; Intel Mac OS X 10_14_6)"
203.0.113.15 - - [15/Aug/2025:09:15:06 +0000] "GET /scripts/forms.js HTTP/1.1" 200 1124 "-" "Mozilla/5.0 (Windows NT 10.0; Win64; x64)"
192.0.2.50 - - [15/Aug/2025:09:15:09 +0000] "GET /support.html HTTP/1.1" 200 1634 "-" "Mozilla/5.0 (Windows NT 10.0; Win64; x64)"
198.51.100.13 - - [15/Aug/2025:09:15:12 +0000] "GET /privacy.html HTTP/1.1" 200 845 "-" "Mozilla/5.0 (Macintosh; Intel Mac OS X 10_14_6)"
192.168.43.22 - - [15/Aug/2025:09:15:15 +0000] "GET /images/gallery/photo1.jpg HTTP/1.1" 200 5100 "-" "Mozilla/5.0 (Windows NT 10.0; Win64; x64)"
203.0.113.45 - - [15/Aug/2025:09:15:17 +0000] "GET /images/gallery/photo2.jpg HTTP/1.1" 200 4980 "-" "Mozilla/5.0 (Macintosh; Intel Mac OS X 10_15_7)"
198.51.100.72 - - [15/Aug/2025:09:15:19 +0000] "GET /assets/fonts.woff2 HTTP/1.1" 200 784 "-" "Mozilla/5.0 (Windows NT 6.1; Win64; x64)"
203.0.113.15 - - [15/Aug/2025:09:15:21 +0000] "GET /terms.html HTTP/1.1" 200 1234 "-" "Mozilla/5.0 (Windows NT 10.0; Win64; x64)"
192.0.2.99 - - [15/Aug/2025:09:15:23 +0000] "GET /downloads/presentation.pptx HTTP/1.1" 200 6280 "-" "Mozilla/5.0 (Windows NT 10.0; Win64; x64)"
198.51.100.33 - - [15/Aug/2025:09:15:26 +0000] "GET /status HTTP/1.1" 200 345 "-" "Mozilla/5.0 (X11; Linux x86_64)"
192.168.43.22 - - [15/Aug/2025:09:15:29 +0000] "GET /reports/annual.html HTTP/1.1" 200 2834 "-" "Mozilla/5.0 (Windows NT 10.0; Win64; x64)"
198.51.100.22 - - [15/Aug/2025:09:15:40 +0000] "GET /scripts/utils.js HTTP/1.1" 200 920 "-" "Mozilla/5.0 (X11; Linux x86_64)"
203.0.113.88 - - [15/Aug/2025:09:15:42 +0000] "GET /archive/data.zip HTTP/1.1" 200 65234 "-" "Mozilla/5.0 (Windows NT 10.0; Win64; x64)"
192.0.2.15 - - [15/Aug/2025:09:15:44 +0000] "GET /news/latest.html HTTP/1.1" 200 2780 "-" "Mozilla/5.0 (Macintosh; Intel Mac OS X 10_14_6)"
198.51.100.45 - - [15/Aug/2025:09:15:46 +0000] "GET /media/audio.mp3 HTTP/1.1" 200 340000 "-" "Mozilla/5.0 (X11; Linux x86_64)"
203.0.113.17 - - [15/Aug/2025:09:15:48 +0000] "GET /blog/archive.html HTTP/1.1" 200 2450 "-" "Mozilla/5.0 (Windows NT 10.0; Win64; x64)"
192.168.43.55 - - [15/Aug/2025:09:15:50 +0000] "GET /downloads/report.pdf HTTP/1.1" 200 5932 "-" "Mozilla/5.0 (Windows NT 10.0; Win64; x64)"
203.0.113.19 - - [15/Aug/2025:09:15:52 +0000] "GET /api/status HTTP/1.1" 200 123 "-" "Mozilla/5.0 (Macintosh; Intel Mac OS X 10_15_7)"
198.51.100.31 - - [15/Aug/2025:09:15:54 +0000] "GET /admin HTTP/1.1" 403 214 "-" "Mozilla/5.0 (Windows NT 6.1; Win64; x64)"
192.0.2.20 - - [15/Aug/2025:09:15:56 +0000] "GET /gallery.html HTTP/1.1" 200 3254 "-" "Mozilla/5.0 (Windows NT 10.0; Win64; x64)"
198.51.100.90 - - [15/Aug/2025:09:15:58 +0000] "GET /robots.txt HTTP/1.1" 200 215 "-" "Mozilla/5.0 (X11; Linux x86_64)"
203.0.113.102 - - [15/Aug/2025:09:16:00 +0000] "GET /staff.html HTTP/1.1" 200 1840 "-" "Mozilla/5.0 (Macintosh; Intel Mac OS X 10_14_6)"
192.168.43.77 - - [15/Aug/2025:09:16:02 +0000] "GET /dashboard/reports HTTP/1.1" 200 3150 "-" "Mozilla/5.0 (Windows NT 10.0; Win64; x64)"
203.0.113.46 - - [15/Aug/2025:09:16:04 +0000] "GET /marketing/plan.docx HTTP/1.1" 200 5045 "-" "Mozilla/5.0 (Windows NT 10.0; Win64; x64)"
198.51.100.28 - - [15/Aug/2025:09:16:06 +0000] "GET /images/screenshot1.png HTTP/1.1" 200 2864 "-" "Mozilla/5.0 (X11; Linux x86_64)"
192.0.2.34 - - [15/Aug/2025:09:16:08 +0000] "GET /events.html HTTP/1.1" 200 2360 "-" "Mozilla/5.0 (Macintosh; Intel Mac OS X 10_15_7)"
203.0.113.111 - - [15/Aug/2025:09:16:10 +0000] "GET /archive/old_data.tar.gz HTTP/1.1" 200 785430 "-" "Mozilla/5.0 (Windows NT 10.0; Win64; x64)"
198.51.100.66 - - [15/Aug/2025:09:16:12 +0000] "GET /legal.html HTTP/1.1" 200 1745 "-" "Mozilla/5.0 (X11; Linux x86_64)"
192.0.2.40 - - [15/Aug/2025:09:16:14 +0000] "GET /images/photo.png HTTP/1.1" 200 2840 "-" "Mozilla/5.0 (Macintosh; Intel Mac OS X 10_14_6)"
203.0.113.55 - - [15/Aug/2025:09:16:16 +0000] "GET /archive/memo.txt HTTP/1.1" 200 540 "-" "Mozilla/5.0 (Windows NT 10.0; Win64; x64)"
198.51.100.92 - - [15/Aug/2025:09:16:18 +0000] "GET /reports/monthly.html HTTP/1.1" 200 3290 "-" "Mozilla/5.0 (Windows NT 6.1; Win64; x64)"
192.168.43.88 - - [15/Aug/2025:09:16:20 +0000] "GET /profile/settings HTTP/1.1" 200 1820 "-" "Mozilla/5.0 (Windows NT 10.0; Win64; x64)"
203.0.113.122 - - [15/Aug/2025:09:16:22 +0000] "GET /images/icons.png HTTP/1.1" 200 1234 "-" "Mozilla/5.0 (Macintosh; Intel Mac OS X 10_15_7)"
198.51.100.59 - - [15/Aug/2025:09:16:24 +0000] "GET /press.html HTTP/1.1" 200 1850 "-" "Mozilla/5.0 (Windows NT 6.1; Win64; x64)"
192.0.2.67 - - [15/Aug/2025:09:16:26 +0000] "GET /archive/index.html HTTP/1.1" 200 2080 "-" "Mozilla/5.0 (Macintosh; Intel Mac OS X 10_15_7)"
203.0.113.93 - - [15/Aug/2025:09:16:28 +0000] "GET /archive/hidden_notes.txt HTTP/1.1" 200 780 "-" "Mozilla/5.0 (Windows NT 10.0; Win64; x64)"
198.51.100.80 - - [15/Aug/2025:09:16:30 +0000] "GET /rss.xml HTTP/1.1" 200 534 "-" "Mozilla/5.0 (X11; Linux x86_64)"
192.168.43.14 - - [15/Aug/2025:09:16:32 +0000] "GET /archive/logs/old.log HTTP/1.1" 200 23450 "-" "Mozilla/5.0 (Windows NT 10.0; Win64; x64)"
203.0.113.101 - - [15/Aug/2025:09:16:34 +0000] "GET /css/theme.css HTTP/1.1" 200 1140 "-" "Mozilla/5.0 (Macintosh; Intel Mac OS X 10_15_7)"
198.51.100.19 - - [15/Aug/2025:09:16:36 +0000] "GET /scripts/vendor/jquery.js HTTP/1.1" 200 3470 "-" "Mozilla/5.0 (Windows NT 6.1; Win64; x64)"
192.0.2.88 - - [15/Aug/2025:09:16:38 +0000] "GET /downloads/secret_project.zip HTTP/1.1" 200 593820 "-" "Mozilla/5.0 (Windows NT 10.0; Win64; x64)"
203.0.113.61 - - [15/Aug/2025:09:16:40 +0000] "GET /api/users HTTP/1.1" 200 260 "-" "Mozilla/5.0 (Macintosh; Intel Mac OS X 10_14_6)"
198.51.100.38 - - [15/Aug/2025:09:16:42 +0000] "GET /downloads/software.exe HTTP/1.1" 200 734982 "-" "Mozilla/5.0 (Windows NT 6.1; Win64; x64)"
192.168.43.200 - - [15/Aug/2025:09:16:44 +0000] "GET /images/logo.png HTTP/1.1" 200 2830 "-" "Mozilla/5.0 (Windows NT 10.0; Win64; x64)"
203.0.113.74 - - [15/Aug/2025:09:16:46 +0000] "GET /archive/meetings/notes.docx HTTP/1.1" 200 4930 "-" "Mozilla/5.0 (Macintosh; Intel Mac OS X 10_15_7)"
198.51.100.14 - - [15/Aug/2025:09:16:48 +0000] "GET /images/banner2.png HTTP/1.1" 200 2340 "-" "Mozilla/5.0 (X11; Linux x86_64)"
192.0.2.49 - - [15/Aug/2025:09:16:50 +0000] "GET /team.html HTTP/1.1" 200 2100 "-" "Mozilla/5.0 (Macintosh; Intel Mac OS X 10_14_6)"
203.0.113.66 - - [15/Aug/2025:09:16:52 +0000] "GET /news/press_release.html HTTP/1.1" 200 2560 "-" "Mozilla/5.0 (Windows NT 10.0; Win64; x64)"
198.51.100.24 - - [15/Aug/2025:09:16:54 +0000] "GET /archive/training.pdf HTTP/1.1" 200 6043 "-" "Mozilla/5.0 (Windows NT 6.1; Win64; x64)"
192.168.43.100 - - [15/Aug/2025:09:16:56 +0000] "GET /jobs.html HTTP/1.1" 200 1845 "-" "Mozilla/5.0 (Windows NT 10.0; Win64; x64)"
203.0.113.35 - - [15/Aug/2025:09:16:58 +0000] "GET /archive/financials.xls HTTP/1.1" 200 10920 "-" "Mozilla/5.0 (Macintosh; Intel Mac OS X 10_15_7)"
198.51.100.47 - - [15/Aug/2025:09:17:00 +0000] "GET /archive/backup_2025.zip HTTP/1.1" 200 803920 "-" "Mozilla/5.0 (Windows NT 6.1; Win64; x64)"
192.0.2.11 - - [15/Aug/2025:09:17:02 +0000] "GET /downloads/guide.pdf HTTP/1.1" 200 5820 "-" "Mozilla/5.0 (Macintosh; Intel Mac OS X 10_15_7)"
203.0.113.150 - - [15/Aug/2025:09:17:04 +0000] "GET /archive/trips.html HTTP/1.1" 200 1740 "-" "Mozilla/5.0 (Windows NT 10.0; Win64; x64)"
198.51.100.73 - - [15/Aug/2025:09:17:06 +0000] "GET /scripts/config.js HTTP/1.1" 200 940 "-" "Mozilla/5.0 (X11; Linux x86_64)"
192.168.43.150 - - [15/Aug/2025:09:17:08 +0000] "GET /archive/photos.zip HTTP/1.1" 200 982340 "-" "Mozilla/5.0 (Windows NT 10.0; Win64; x64)"
203.0.113.200 - - [15/Aug/2025:09:17:10 +0000] "GET /index.html HTTP/1.1" 200 1534 "-" "Mozilla/5.0 (Macintosh; Intel Mac OS X 10_15_7)"
192.168.43.22 - - [15/Aug/2025:09:14:03 +0000] "GET /index.html HTTP/1.1" 200 1534 "-" "Mozilla/5.0 (Windows NT 10.0; Win64; x64)"
203.0.113.45 - - [15/Aug/2025:09:14:05 +0000] "GET /style.css HTTP/1.1" 200 512 "-" "Mozilla/5.0 (Macintosh; Intel Mac OS X 10_15_7)"
198.51.100.72 - - [15/Aug/2025:09:14:06 +0000] "GET /images/banner.png HTTP/1.1" 200 2048 "-" "Mozilla/5.0 (Windows NT 6.1; Win64; x64)"
10.0.0.12 - - [15/Aug/2025:09:14:07 +0000] "POST /login HTTP/1.1" 302 112 "-" "Mozilla/5.0 (X11; Linux x86_64)"
192.168.43.22 - - [15/Aug/2025:09:14:09 +0000] "GET /dashboard.html HTTP/1.1" 200 3542 "-" "Mozilla/5.0 (Windows NT 10.0; Win64; x64)"
203.0.113.45 - - [15/Aug/2025:09:14:10 +0000] "GET /scripts/app.js HTTP/1.1" 200 945 "-" "Mozilla/5.0 (Macintosh; Intel Mac OS X 10_15_7)"
198.51.100.72 - - [15/Aug/2025:09:14:12 +0000] "GET /favicon.ico HTTP/1.1" 200 428 "-" "Mozilla/5.0 (Windows NT 6.1; Win64; x64)"
203.0.113.15 - - [15/Aug/2025:09:14:15 +0000] "GET /robots.txt HTTP/1.1" 200 212 "-" "Mozilla/5.0 (Windows NT 10.0; Win64; x64)"
192.0.2.50 - - [15/Aug/2025:09:14:19 +0000] "GET /contact.html HTTP/1.1" 200 1345 "-" "Mozilla/5.0 (Windows NT 10.0; Win64; x64)"
198.51.100.13 - - [15/Aug/2025:09:14:20 +0000] "GET /blog/post1.html HTTP/1.1" 200 2280 "-" "Mozilla/5.0 (Macintosh; Intel Mac OS X 10_14_6)"
192.168.43.22 - - [15/Aug/2025:09:14:23 +0000] "GET /assets/logo.svg HTTP/1.1" 200 345 "-" "Mozilla/5.0 (Windows NT 10.0; Win64; x64)"
203.0.113.45 - - [15/Aug/2025:09:14:25 +0000] "GET /scripts/analytics.js HTTP/1.1" 200 1256 "-" "Mozilla/5.0 (Macintosh; Intel Mac OS X 10_15_7)"
198.51.100.72 - - [15/Aug/2025:09:14:28 +0000] "GET /images/team.jpg HTTP/1.1" 200 4200 "-" "Mozilla/5.0 (Windows NT 6.1; Win64; x64)"
203.0.113.15 - - [15/Aug/2025:09:14:31 +0000] "GET /downloads/manual.pdf HTTP/1.1" 200 5643 "-" "Mozilla/5.0 (Windows NT 10.0; Win64; x64)"
192.0.2.99 - - [15/Aug/2025:09:14:35 +0000] "GET /about.html HTTP/1.1" 200 1987 "-" "Mozilla/5.0 (Windows NT 10.0; Win64; x64)"
198.51.100.33 - - [15/Aug/2025:09:14:40 +0000] "GET /scripts/main.js HTTP/1.1" 200 1840 "-" "Mozilla/5.0 (X11; Linux x86_64)"
192.168.43.22 - - [15/Aug/2025:09:14:43 +0000] "GET /reports/summary.html HTTP/1.1" 200 1745 "-" "Mozilla/5.0 (Windows NT 10.0; Win64; x64)"
203.0.113.45 - - [15/Aug/2025:09:14:45 +0000] "GET /images/chart.png HTTP/1.1" 200 2748 "-" "Mozilla/5.0 (Macintosh; Intel Mac OS X 10_15_7)"
198.51.100.72 - - [15/Aug/2025:09:14:48 +0000] "GET /archive/LP_The_Leash_Protocol HTTP/1.1" 200 1480 "-" "Mozilla/5.0 (X11; Linux x86_64)"
203.0.113.17 - - [15/Aug/2025:09:14:51 +0000] "GET /news.html HTTP/1.1" 200 1932 "-" "Mozilla/5.0 (Windows NT 10.0; Win64; x64)"
192.168.43.22 - - [15/Aug/2025:09:14:55 +0000] "GET /downloads/template.docx HTTP/1.1" 200 5345 "-" "Mozilla/5.0 (Windows NT 10.0; Win64; x64)"
203.0.113.45 - - [15/Aug/2025:09:14:57 +0000] "GET /assets/icons.svg HTTP/1.1" 200 856 "-" "Mozilla/5.0 (Macintosh; Intel Mac OS X 10_15_7)"
198.51.100.72 - - [15/Aug/2025:09:15:01 +0000] "GET /blog/post2.html HTTP/1.1" 200 2420 "-" "Mozilla/5.0 (Windows NT 6.1; Win64; x64)"
192.0.2.77 - - [15/Aug/2025:09:15:04 +0000] "GET /images/bg.jpg HTTP/1.1" 200 3900 "-" "Mozilla/5.0 (Macintosh; Intel Mac OS X 10_14_6)"
203.0.113.15 - - [15/Aug/2025:09:15:06 +0000] "GET /scripts/forms.js HTTP/1.1" 200 1124 "-" "Mozilla/5.0 (Windows NT 10.0; Win64; x64)"
192.0.2.50 - - [15/Aug/2025:09:15:09 +0000] "GET /support.html HTTP/1.1" 200 1634 "-" "Mozilla/5.0 (Windows NT 10.0; Win64; x64)"
198.51.100.13 - - [15/Aug/2025:09:15:12 +0000] "GET /privacy.html HTTP/1.1" 200 845 "-" "Mozilla/5.0 (Macintosh; Intel Mac OS X 10_14_6)"
192.168.43.22 - - [15/Aug/2025:09:15:15 +0000] "GET /images/gallery/photo1.jpg HTTP/1.1" 200 5100 "-" "Mozilla/5.0 (Windows NT 10.0; Win64; x64)"
203.0.113.45 - - [15/Aug/2025:09:15:17 +0000] "GET /images/gallery/photo2.jpg HTTP/1.1" 200 4980 "-" "Mozilla/5.0 (Macintosh; Intel Mac OS X 10_15_7)"
198.51.100.72 - - [15/Aug/2025:09:15:19 +0000] "GET /assets/fonts.woff2 HTTP/1.1" 200 784 "-" "Mozilla/5.0 (Windows NT 6.1; Win64; x64)"
203.0.113.15 - - [15/Aug/2025:09:15:21 +0000] "GET /terms.html HTTP/1.1" 200 1234 "-" "Mozilla/5.0 (Windows NT 10.0; Win64; x64)"
192.0.2.99 - - [15/Aug/2025:09:15:23 +0000] "GET /downloads/presentation.pptx HTTP/1.1" 200 6280 "-" "Mozilla/5.0 (Windows NT 10.0; Win64; x64)"
198.51.100.33 - - [15/Aug/2025:09:15:26 +0000] "GET /status HTTP/1.1" 200 345 "-" "Mozilla/5.0 (X11; Linux x86_64)"
192.168.43.22 - - [15/Aug/2025:09:15:29 +0000] "GET /reports/annual.html HTTP/1.1" 200 2834 "-" "Mozilla/5.0 (Windows NT 10.0; Win64; x64)"
203.0.113.45 - - [15/Aug/2025:09:15:31 +0000] "GET /images/promo.jpg HTTP/1.1" 200 4521 "-" "Mozilla/5.0 (Macintosh; Intel Mac OS X 10_15_7)"
198.51.100.72 - - [15/Aug/2025:09:15:33 +0000] "GET /videos/intro.mp4 HTTP/1.1" 200 10452 "-" "Mozilla/5.0 (Windows NT 6.1; Win64; x64)"
203.0.113.17 - - [15/Aug/2025:09:15:35 +0000] "GET /archive/index.html HTTP/1.1" 200 2150 "-" "Mozilla/5.0 (Windows NT 10.0; Win64; x64)"
192.168.43.22 - - [15/Aug/2025:09:15:38 +0000] "GET /logout HTTP/1.1" 302 0 "-" "Mozilla/5.0 (Windows NT 10.0; Win64; x64)"
192.168.43.22 - - [15/Aug/2025:09:15:15 +0000] "GET /images/gallery/photo1.jpg HTTP/1.1" 200 5100 "-" "Mozilla/5.0 (Windows NT 10.0; Win64; x64)"
203.0.113.45 - - [15/Aug/2025:09:15:17 +0000] "GET /images/gallery/photo2.jpg HTTP/1.1" 200 4980 "-" "Mozilla/5.0 (Macintosh; Intel Mac OS X 10_15_7)"
198.51.100.72 - - [15/Aug/2025:09:15:19 +0000] "GET /assets/fonts.woff2 HTTP/1.1" 200 784 "-" "Mozilla/5.0 (Windows NT 6.1; Win64; x64)"
203.0.113.15 - - [15/Aug/2025:09:15:21 +0000] "GET /terms.html HTTP/1.1" 200 1234 "-" "Mozilla/5.0 (Windows NT 10.0; Win64; x64)"
192.0.2.99 - - [15/Aug/2025:09:15:23 +0000] "GET /downloads/presentation.pptx HTTP/1.1" 200 6280 "-" "Mozilla/5.0 (Windows NT 10.0; Win64; x64)"
198.51.100.33 - - [15/Aug/2025:09:15:26 +0000] "GET /status HTTP/1.1" 200 345 "-" "Mozilla/5.0 (X11; Linux x86_64)"
192.168.43.22 - - [15/Aug/2025:09:15:29 +0000] "GET /reports/annual.html HTTP/1.1" 200 2834 "-" "Mozilla/5.0 (Windows NT 10.0; Win64; x64)"
203.0.113.45 - - [15/Aug/2025:09:15:31 +0000] "GET /images/promo.jpg HTTP/1.1" 200 4521 "-" "Mozilla/5.0 (Macintosh; Intel Mac OS X 10_15_7)"
198.51.100.72 - - [15/Aug/2025:09:15:33 +0000] "GET /videos/intro.mp4 HTTP/1.1" 200 10452 "-" "Mozilla/5.0 (Windows NT 6.1; Win64; x64)"
203.0.113.17 - - [15/Aug/2025:09:15:35 +0000] "GET /archive/index.html HTTP/1.1" 200 2150 "-" "Mozilla/5.0 (Windows NT 10.0; Win64; x64)"
192.168.43.22 - - [15/Aug/2025:09:15:38 +0000] "GET /logout HTTP/1.1" 302 0 "-" "Mozilla/5.0 (Windows NT 10.0; Win64; x64)"
192.168.43.22 - - [15/Aug/2025:09:14:23 +0000] "GET /assets/logo.svg HTTP/1.1" 200 345 "-" "Mozilla/5.0 (Windows NT 10.0; Win64; x64)"
203.0.113.45 - - [15/Aug/2025:09:14:25 +0000] "GET /scripts/analytics.js HTTP/1.1" 200 1256 "-" "Mozilla/5.0 (Macintosh; Intel Mac OS X 10_15_7)"
198.51.100.72 - - [15/Aug/2025:09:14:28 +0000] "GET /images/team.jpg HTTP/1.1" 200 4200 "-" "Mozilla/5.0 (Windows NT 6.1; Win64; x64)"
203.0.113.15 - - [15/Aug/2025:09:14:31 +0000] "GET /downloads/manual.pdf HTTP/1.1" 200 5643 "-" "Mozilla/5.0 (Windows NT 10.0; Win64; x64)"
192.0.2.99 - - [15/Aug/2025:09:14:35 +0000] "GET /about.html HTTP/1.1" 200 1987 "-" "Mozilla/5.0 (Windows NT 10.0; Win64; x64)"
198.51.100.33 - - [15/Aug/2025:09:14:40 +0000] "GET /scripts/main.js HTTP/1.1" 200 1840 "-" "Mozilla/5.0 (X11; Linux x86_64)"
192.168.43.22 - - [15/Aug/2025:09:14:43 +0000] "GET /reports/summary.html HTTP/1.1" 200 1745 "-" "Mozilla/5.0 (Windows NT 10.0; Win64; x64)"
203.0.113.45 - - [15/Aug/2025:09:14:45 +0000] "GET /images/chart.png HTTP/1.1" 200 2748 "-" "Mozilla/5.0 (Macintosh; Intel Mac OS X 10_15_7)"
198.51.100.72 - - [15/Aug/2025:09:14:48 +0000] "GET /archive/LP_The_Leash_Protocol HTTP/1.1" 200 1480 "-" "Mozilla/5.0 (X11; Linux x86_64)"
203.0.113.17 - - [15/Aug/2025:09:14:51 +0000] "GET /news.html HTTP/1.1" 200 1932 "-" "Mozilla/5.0 (Windows NT 10.0; Win64; x64)"
192.168.43.22 - - [15/Aug/2025:09:14:55 +0000] "GET /downloads/template.docx HTTP/1.1" 200 5345 "-" "Mozilla/5.0 (Windows NT 10.0; Win64; x64)"
203.0.113.45 - - [15/Aug/2025:09:14:57 +0000] "GET /assets/icons.svg HTTP/1.1" 200 856 "-" "Mozilla/5.0 (Macintosh; Intel Mac OS X 10_15_7)"
198.51.100.72 - - [15/Aug/2025:09:15:01 +0000] "GET /blog/post2.html HTTP/1.1" 200 2420 "-" "Mozilla/5.0 (Windows NT 6.1; Win64; x64)"
192.0.2.77 - - [15/Aug/2025:09:15:04 +0000] "GET /images/bg.jpg HTTP/1.1" 200 3900 "-" "Mozilla/5.0 (Macintosh; Intel Mac OS X 10_14_6)"
203.0.113.15 - - [15/Aug/2025:09:15:06 +0000] "GET /scripts/forms.js HTTP/1.1" 200 1124 "-" "Mozilla/5.0 (Windows NT 10.0; Win64; x64)"
192.0.2.50 - - [15/Aug/2025:09:15:09 +0000] "GET /support.html HTTP/1.1" 200 1634 "-" "Mozilla/5.0 (Windows NT 10.0; Win64; x64)"
198.51.100.13 - - [15/Aug/2025:09:15:12 +0000] "GET /privacy.html HTTP/1.1" 200 845 "-" "Mozilla/5.0 (Macintosh; Intel Mac OS X 10_14_6)"
192.168.43.22 - - [15/Aug/2025:09:15:15 +0000] "GET /images/gallery/photo1.jpg HTTP/1.1" 200 5100 "-" "Mozilla/5.0 (Windows NT 10.0; Win64; x64)"
203.0.113.45 - - [15/Aug/2025:09:15:17 +0000] "GET /images/gallery/photo2.jpg HTTP/1.1" 200 4980 "-" "Mozilla/5.0 (Macintosh; Intel Mac OS X 10_15_7)"
198.51.100.72 - - [15/Aug/2025:09:15:19 +0000] "GET /assets/fonts.woff2 HTTP/1.1" 200 784 "-" "Mozilla/5.0 (Windows NT 6.1; Win64; x64)"
203.0.113.15 - - [15/Aug/2025:09:15:21 +0000] "GET /terms.html HTTP/1.1" 200 1234 "-" "Mozilla/5.0 (Windows NT 10.0; Win64; x64)"
192.0.2.99 - - [15/Aug/2025:09:15:23 +0000] "GET /downloads/presentation.pptx HTTP/1.1" 200 6280 "-" "Mozilla/5.0 (Windows NT 10.0; Win64; x64)"
198.51.100.33 - - [15/Aug/2025:09:15:26 +0000] "GET /status HTTP/1.1" 200 345 "-" "Mozilla/5.0 (X11; Linux x86_64)"
192.168.43.22 - - [15/Aug/2025:09:15:29 +0000] "GET /reports/annual.html HTTP/1.1" 200 2834 "-" "Mozilla/5.0 (Windows NT 10.0; Win64; x64)"
198.51.100.22 - - [15/Aug/2025:09:15:40 +0000] "GET /scripts/utils.js HTTP/1.1" 200 920 "-" "Mozilla/5.0 (X11; Linux x86_64)"
203.0.113.88 - - [15/Aug/2025:09:15:42 +0000] "GET /archive/data.zip HTTP/1.1" 200 65234 "-" "Mozilla/5.0 (Windows NT 10.0; Win64; x64)"
192.0.2.15 - - [15/Aug/2025:09:15:44 +0000] "GET /news/latest.html HTTP/1.1" 200 2780 "-" "Mozilla/5.0 (Macintosh; Intel Mac OS X 10_14_6)"
198.51.100.45 - - [15/Aug/2025:09:15:46 +0000] "GET /media/audio.mp3 HTTP/1.1" 200 340000 "-" "Mozilla/5.0 (X11; Linux x86_64)"
203.0.113.17 - - [15/Aug/2025:09:15:48 +0000] "GET /blog/archive.html HTTP/1.1" 200 2450 "-" "Mozilla/5.0 (Windows NT 10.0; Win64; x64)"
192.168.43.55 - - [15/Aug/2025:09:15:50 +0000] "GET /downloads/report.pdf HTTP/1.1" 200 5932 "-" "Mozilla/5.0 (Windows NT 10.0; Win64; x64)"
203.0.113.19 - - [15/Aug/2025:09:15:52 +0000] "GET /api/status HTTP/1.1" 200 123 "-" "Mozilla/5.0 (Macintosh; Intel Mac OS X 10_15_7)"
198.51.100.31 - - [15/Aug/2025:09:15:54 +0000] "GET /admin HTTP/1.1" 403 214 "-" "Mozilla/5.0 (Windows NT 6.1; Win64; x64)"
192.0.2.20 - - [15/Aug/2025:09:15:56 +0000] "GET /gallery.html HTTP/1.1" 200 3254 "-" "Mozilla/5.0 (Windows NT 10.0; Win64; x64)"
198.51.100.90 - - [15/Aug/2025:09:15:58 +0000] "GET /robots.txt HTTP/1.1" 200 215 "-" "Mozilla/5.0 (X11; Linux x86_64)"
203.0.113.102 - - [15/Aug/2025:09:16:00 +0000] "GET /staff.html HTTP/1.1" 200 1840 "-" "Mozilla/5.0 (Macintosh; Intel Mac OS X 10_14_6)"
192.168.43.77 - - [15/Aug/2025:09:16:02 +0000] "GET /dashboard/reports HTTP/1.1" 200 3150 "-" "Mozilla/5.0 (Windows NT 10.0; Win64; x64)"
203.0.113.46 - - [15/Aug/2025:09:16:04 +0000] "GET /marketing/plan.docx HTTP/1.1" 200 5045 "-" "Mozilla/5.0 (Windows NT 10.0; Win64; x64)"
198.51.100.28 - - [15/Aug/2025:09:16:06 +0000] "GET /images/screenshot1.png HTTP/1.1" 200 2864 "-" "Mozilla/5.0 (X11; Linux x86_64)"
192.0.2.34 - - [15/Aug/2025:09:16:08 +0000] "GET /events.html HTTP/1.1" 200 2360 "-" "Mozilla/5.0 (Macintosh; Intel Mac OS X 10_15_7)"
203.0.113.111 - - [15/Aug/2025:09:16:10 +0000] "GET /archive/old_data.tar.gz HTTP/1.1" 200 785430 "-" "Mozilla/5.0 (Windows NT 10.0; Win64; x64)"
198.51.100.66 - - [15/Aug/2025:09:16:12 +0000] "GET /legal.html HTTP/1.1" 200 1745 "-" "Mozilla/5.0 (X11; Linux x86_64)"
192.0.2.40 - - [15/Aug/2025:09:16:14 +0000] "GET /images/photo.png HTTP/1.1" 200 2840 "-" "Mozilla/5.0 (Macintosh; Intel Mac OS X 10_14_6)"
203.0.113.55 - - [15/Aug/2025:09:16:16 +0000] "GET /archive/memo.txt HTTP/1.1" 200 540 "-" "Mozilla/5.0 (Windows NT 10.0; Win64; x64)"
198.51.100.92 - - [15/Aug/2025:09:16:18 +0000] "GET /reports/monthly.html HTTP/1.1" 200 3290 "-" "Mozilla/5.0 (Windows NT 6.1; Win64; x64)"
192.168.43.88 - - [15/Aug/2025:09:16:20 +0000] "GET /profile/settings HTTP/1.1" 200 1820 "-" "Mozilla/5.0 (Windows NT 10.0; Win64; x64)"
203.0.113.122 - - [15/Aug/2025:09:16:22 +0000] "GET /images/icons.png HTTP/1.1" 200 1234 "-" "Mozilla/5.0 (Macintosh; Intel Mac OS X 10_15_7)"
198.51.100.59 - - [15/Aug/2025:09:16:24 +0000] "GET /press.html HTTP/1.1" 200 1850 "-" "Mozilla/5.0 (Windows NT 6.1; Win64; x64)"
192.0.2.67 - - [15/Aug/2025:09:16:26 +0000] "GET /archive/index.html HTTP/1.1" 200 2080 "-" "Mozilla/5.0 (Macintosh; Intel Mac OS X 10_15_7)"
203.0.113.93 - - [15/Aug/2025:09:16:28 +0000] "GET /archive/hidden_notes.txt HTTP/1.1" 200 780 "-" "Mozilla/5.0 (Windows NT 10.0; Win64; x64)"
198.51.100.80 - - [15/Aug/2025:09:16:30 +0000] "GET /rss.xml HTTP/1.1" 200 534 "-" "Mozilla/5.0 (X11; Linux x86_64)"
192.168.43.14 - - [15/Aug/2025:09:16:32 +0000] "GET /archive/logs/old.log HTTP/1.1" 200 23450 "-" "Mozilla/5.0 (Windows NT 10.0; Win64; x64)"
203.0.113.101 - - [15/Aug/2025:09:16:34 +0000] "GET /css/theme.css HTTP/1.1" 200 1140 "-" "Mozilla/5.0 (Macintosh; Intel Mac OS X 10_15_7)"
198.51.100.19 - - [15/Aug/2025:09:16:36 +0000] "GET /scripts/vendor/jquery.js HTTP/1.1" 200 3470 "-" "Mozilla/5.0 (Windows NT 6.1; Win64; x64)"
192.0.2.88 - - [15/Aug/2025:09:16:38 +0000] "GET /downloads/secret_project.zip HTTP/1.1" 200 593820 "-" "Mozilla/5.0 (Windows NT 10.0; Win64; x64)"
203.0.113.61 - - [15/Aug/2025:09:16:40 +0000] "GET /api/users HTTP/1.1" 200 260 "-" "Mozilla/5.0 (Macintosh; Intel Mac OS X 10_14_6)"
198.51.100.38 - - [15/Aug/2025:09:16:42 +0000] "GET /downloads/software.exe HTTP/1.1" 200 734982 "-" "Mozilla/5.0 (Windows NT 6.1; Win64; x64)"
192.168.43.200 - - [15/Aug/2025:09:16:44 +0000] "GET /images/logo.png HTTP/1.1" 200 2830 "-" "Mozilla/5.0 (Windows NT 10.0; Win64; x64)"
203.0.113.74 - - [15/Aug/2025:09:16:46 +0000] "GET /archive/meetings/notes.docx HTTP/1.1" 200 4930 "-" "Mozilla/5.0 (Macintosh; Intel Mac OS X 10_15_7)"
198.51.100.14 - - [15/Aug/2025:09:16:48 +0000] "GET /images/banner2.png HTTP/1.1" 200 2340 "-" "Mozilla/5.0 (X11; Linux x86_64)"
192.0.2.49 - - [15/Aug/2025:09:16:50 +0000] "GET /team.html HTTP/1.1" 200 2100 "-" "Mozilla/5.0 (Macintosh; Intel Mac OS X 10_14_6)"
203.0.113.66 - - [15/Aug/2025:09:16:52 +0000] "GET /news/press_release.html HTTP/1.1" 200 2560 "-" "Mozilla/5.0 (Windows NT 10.0; Win64; x64)"
198.51.100.24 - - [15/Aug/2025:09:16:54 +0000] "GET /archive/training.pdf HTTP/1.1" 200 6043 "-" "Mozilla/5.0 (Windows NT 6.1; Win64; x64)"
192.168.43.100 - - [15/Aug/2025:09:16:56 +0000] "GET /jobs.html HTTP/1.1" 200 1845 "-" "Mozilla/5.0 (Windows NT 10.0; Win64; x64)"
203.0.113.35 - - [15/Aug/2025:09:16:58 +0000] "GET /archive/financials.xls HTTP/1.1" 200 10920 "-" "Mozilla/5.0 (Macintosh; Intel Mac OS X 10_15_7)"
198.51.100.47 - - [15/Aug/2025:09:17:00 +0000] "GET /archive/backup_2025.zip HTTP/1.1" 200 803920 "-" "Mozilla/5.0 (Windows NT 6.1; Win64; x64)"
192.0.2.11 - - [15/Aug/2025:09:17:02 +0000] "GET /downloads/guide.pdf HTTP/1.1" 200 5820 "-" "Mozilla/5.0 (Macintosh; Intel Mac OS X 10_15_7)"
203.0.113.150 - - [15/Aug/2025:09:17:04 +0000] "GET /archive/trips.html HTTP/1.1" 200 1740 "-" "Mozilla/5.0 (Windows NT 10.0; Win64; x64)"
198.51.100.73 - - [15/Aug/2025:09:17:06 +0000] "GET /scripts/config.js HTTP/1.1" 200 940 "-" "Mozilla/5.0 (X11; Linux x86_64)"
192.168.43.150 - - [15/Aug/2025:09:17:08 +0000] "GET /archive/photos.zip HTTP/1.1" 200 982340 "-" "Mozilla/5.0 (Windows NT 10.0; Win64; x64)"
203.0.113.200 - - [15/Aug/2025:09:17:10 +0000] "GET /index.html HTTP/1.1" 200 1534 "-" "Mozilla/5.0 (Macintosh; Intel Mac OS X 10_15_7)"
198.51.100.72 - - [15/Aug/2025:09:14:49 +0000] "# FLAG: SEEN{User_AX-778_Accessed_LP_Archive}" "-" "-"
203.0.113.17 - - [15/Aug/2025:09:14:51 +0000] "GET /news.html HTTP/1.1" 200 1932 "-" "Mozilla/5.0 (Windows NT 10.0; Win64; x64)"
192.168.43.22 - - [15/Aug/2025:09:14:55 +0000] "GET /downloads/template.docx HTTP/1.1" 200 5345 "-" "Mozilla/5.0 (Windows NT 10.0; Win64; x64)"
203.0.113.45 - - [15/Aug/2025:09:14:57 +0000] "GET /assets/icons.svg HTTP/1.1" 200 856 "-" "Mozilla/5.0 (Macintosh; Intel Mac OS X 10_15_7)"
198.51.100.72 - - [15/Aug/2025:09:15:01 +0000] "GET /blog/post2.html HTTP/1.1" 200 2420 "-" "Mozilla/5.0 (Windows NT 6.1; Win64; x64)"
192.0.2.77 - - [15/Aug/2025:09:15:04 +0000] "GET /images/bg.jpg HTTP/1.1" 200 3900 "-" "Mozilla/5.0 (Macintosh; Intel Mac OS X 10_14_6)"
203.0.113.15 - - [15/Aug/2025:09:15:06 +0000] "GET /scripts/forms.js HTTP/1.1" 200 1124 "-" "Mozilla/5.0 (Windows NT 10.0; Win64; x64)"
192.0.2.50 - - [15/Aug/2025:09:15:09 +0000] "GET /support.html HTTP/1.1" 200 1634 "-" "Mozilla/5.0 (Windows NT 10.0; Win64; x64)"
198.51.100.13 - - [15/Aug/2025:09:15:12 +0000] "GET /privacy.html HTTP/1.1" 200 845 "-" "Mozilla/5.0 (Macintosh; Intel Mac OS X 10_14_6)"
192.168.43.22 - - [15/Aug/2025:09:15:15 +0000] "GET /images/gallery/photo1.jpg HTTP/1.1" 200 5100 "-" "Mozilla/5.0 (Windows NT 10.0; Win64; x64)"
203.0.113.45 - - [15/Aug/2025:09:15:17 +0000] "GET /images/gallery/photo2.jpg HTTP/1.1" 200 4980 "-" "Mozilla/5.0 (Macintosh; Intel Mac OS X 10_15_7)"
198.51.100.72 - - [15/Aug/2025:09:15:19 +0000] "GET /assets/fonts.woff2 HTTP/1.1" 200 784 "-" "Mozilla/5.0 (Windows NT 6.1; Win64; x64)"
203.0.113.15 - - [15/Aug/2025:09:15:21 +0000] "GET /terms.html HTTP/1.1" 200 1234 "-" "Mozilla/5.0 (Windows NT 10.0; Win64; x64)"
192.0.2.99 - - [15/Aug/2025:09:15:23 +0000] "GET /downloads/presentation.pptx HTTP/1.1" 200 6280 "-" "Mozilla/5.0 (Windows NT 10.0; Win64; x64)"
198.51.100.33 - - [15/Aug/2025:09:15:26 +0000] "GET /status HTTP/1.1" 200 345 "-" "Mozilla/5.0 (X11; Linux x86_64)"
192.168.43.22 - - [15/Aug/2025:09:15:29 +0000] "GET /reports/annual.html HTTP/1.1" 200 2834 "-" "Mozilla/5.0 (Windows NT 10.0; Win64; x64)"
203.0.113.45 - - [15/Aug/2025:09:15:31 +0000] "GET /images/promo.jpg HTTP/1.1" 200 4521 "-" "Mozilla/5.0 (Macintosh; Intel Mac OS X 10_15_7)"
198.51.100.72 - - [15/Aug/2025:09:15:33 +0000] "GET /videos/intro.mp4 HTTP/1.1" 200 10452 "-" "Mozilla/5.0 (Windows NT 6.1; Win64; x64)"
203.0.113.17 - - [15/Aug/2025:09:15:35 +0000] "GET /archive/index.html HTTP/1.1" 200 2150 "-" "Mozilla/5.0 (Windows NT 10.0; Win64; x64)"
192.168.43.22 - - [15/Aug/2025:09:15:38 +0000] "GET /logout HTTP/1.1" 302 0 "-" "Mozilla/5.0 (Windows NT 10.0; Win64; x64)"
192.168.43.22 - - [15/Aug/2025:09:15:15 +0000] "GET /images/gallery/photo1.jpg HTTP/1.1" 200 5100 "-" "Mozilla/5.0 (Windows NT 10.0; Win64; x64)"
203.0.113.45 - - [15/Aug/2025:09:15:17 +0000] "GET /images/gallery/photo2.jpg HTTP/1.1" 200 4980 "-" "Mozilla/5.0 (Macintosh; Intel Mac OS X 10_15_7)"
198.51.100.72 - - [15/Aug/2025:09:15:19 +0000] "GET /assets/fonts.woff2 HTTP/1.1" 200 784 "-" "Mozilla/5.0 (Windows NT 6.1; Win64; x64)"
203.0.113.15 - - [15/Aug/2025:09:15:21 +0000] "GET /terms.html HTTP/1.1" 200 1234 "-" "Mozilla/5.0 (Windows NT 10.0; Win64; x64)"
192.0.2.99 - - [15/Aug/2025:09:15:23 +0000] "GET /downloads/presentation.pptx HTTP/1.1" 200 6280 "-" "Mozilla/5.0 (Windows NT 10.0; Win64; x64)"
198.51.100.33 - - [15/Aug/2025:09:15:26 +0000] "GET /status HTTP/1.1" 200 345 "-" "Mozilla/5.0 (X11; Linux x86_64)"
192.168.43.22 - - [15/Aug/2025:09:15:29 +0000] "GET /reports/annual.html HTTP/1.1" 200 2834 "-" "Mozilla/5.0 (Windows NT 10.0; Win64; x64)"
203.0.113.45 - - [15/Aug/2025:09:15:31 +0000] "GET /images/promo.jpg HTTP/1.1" 200 4521 "-" "Mozilla/5.0 (Macintosh; Intel Mac OS X 10_15_7)"
198.51.100.72 - - [15/Aug/2025:09:15:33 +0000] "GET /videos/intro.mp4 HTTP/1.1" 200 10452 "-" "Mozilla/5.0 (Windows NT 6.1; Win64; x64)"
203.0.113.17 - - [15/Aug/2025:09:15:35 +0000] "GET /archive/index.html HTTP/1.1" 200 2150 "-" "Mozilla/5.0 (Windows NT 10.0; Win64; x64)"
192.168.43.22 - - [15/Aug/2025:09:15:38 +0000] "GET /logout HTTP/1.1" 302 0 "-" "Mozilla/5.0 (Windows NT 10.0; Win64; x64)"
192.168.43.22 - - [15/Aug/2025:09:14:23 +0000] "GET /assets/logo.svg HTTP/1.1" 200 345 "-" "Mozilla/5.0 (Windows NT 10.0; Win64; x64)"
203.0.113.45 - - [15/Aug/2025:09:14:25 +0000] "GET /scripts/analytics.js HTTP/1.1" 200 1256 "-" "Mozilla/5.0 (Macintosh; Intel Mac OS X 10_15_7)"
198.51.100.72 - - [15/Aug/2025:09:14:28 +0000] "GET /images/team.jpg HTTP/1.1" 200 4200 "-" "Mozilla/5.0 (Windows NT 6.1; Win64; x64)"
203.0.113.15 - - [15/Aug/2025:09:14:31 +0000] "GET /downloads/manual.pdf HTTP/1.1" 200 5643 "-" "Mozilla/5.0 (Windows NT 10.0; Win64; x64)"
192.0.2.99 - - [15/Aug/2025:09:14:35 +0000] "GET /about.html HTTP/1.1" 200 1987 "-" "Mozilla/5.0 (Windows NT 10.0; Win64; x64)"
198.51.100.33 - - [15/Aug/2025:09:14:40 +0000] "GET /scripts/main.js HTTP/1.1" 200 1840 "-" "Mozilla/5.0 (X11; Linux x86_64)"
192.168.43.22 - - [15/Aug/2025:09:14:43 +0000] "GET /reports/summary.html HTTP/1.1" 200 1745 "-" "Mozilla/5.0 (Windows NT 10.0; Win64; x64)"
203.0.113.45 - - [15/Aug/2025:09:14:45 +0000] "GET /images/chart.png HTTP/1.1" 200 2748 "-" "Mozilla/5.0 (Macintosh; Intel Mac OS X 10_15_7)"
198.51.100.72 - - [15/Aug/2025:09:14:48 +0000] "GET /archive/LP_The_Leash_Protocol HTTP/1.1" 200 1480 "-" "Mozilla/5.0 (X11; Linux x86_64)"
198.51.100.72 - - [15/Aug/2025:09:14:49 +0000] "# FLAG: SEEN{User_AX-778_Accessed_LP_Archive}" "-" "-"
203.0.113.17 - - [15/Aug/2025:09:14:51 +0000] "GET /news.html HTTP/1.1" 200 1932 "-" "Mozilla/5.0 (Windows NT 10.0; Win64; x64)"
192.168.43.22 - - [15/Aug/2025:09:14:55 +0000] "GET /downloads/template.docx HTTP/1.1" 200 5345 "-" "Mozilla/5.0 (Windows NT 10.0; Win64; x64)"
203.0.113.45 - - [15/Aug/2025:09:14:57 +0000] "GET /assets/icons.svg HTTP/1.1" 200 856 "-" "Mozilla/5.0 (Macintosh; Intel Mac OS X 10_15_7)"
198.51.100.72 - - [15/Aug/2025:09:15:01 +0000] "GET /blog/post2.html HTTP/1.1" 200 2420 "-" "Mozilla/5.0 (Windows NT 6.1; Win64; x64)"
192.0.2.77 - - [15/Aug/2025:09:15:04 +0000] "GET /images/bg.jpg HTTP/1.1" 200 3900 "-" "Mozilla/5.0 (Macintosh; Intel Mac OS X 10_14_6)"
203.0.113.15 - - [15/Aug/2025:09:15:06 +0000] "GET /scripts/forms.js HTTP/1.1" 200 1124 "-" "Mozilla/5.0 (Windows NT 10.0; Win64; x64)"
192.0.2.50 - - [15/Aug/2025:09:15:09 +0000] "GET /support.html HTTP/1.1" 200 1634 "-" "Mozilla/5.0 (Windows NT 10.0; Win64; x64)"
198.51.100.13 - - [15/Aug/2025:09:15:12 +0000] "GET /privacy.html HTTP/1.1" 200 845 "-" "Mozilla/5.0 (Macintosh; Intel Mac OS X 10_14_6)"
192.168.43.22 - - [15/Aug/2025:09:15:15 +0000] "GET /images/gallery/photo1.jpg HTTP/1.1" 200 5100 "-" "Mozilla/5.0 (Windows NT 10.0; Win64; x64)"
203.0.113.45 - - [15/Aug/2025:09:15:17 +0000] "GET /images/gallery/photo2.jpg HTTP/1.1" 200 4980 "-" "Mozilla/5.0 (Macintosh; Intel Mac OS X 10_15_7)"
198.51.100.72 - - [15/Aug/2025:09:15:19 +0000] "GET /assets/fonts.woff2 HTTP/1.1" 200 784 "-" "Mozilla/5.0 (Windows NT 6.1; Win64; x64)"
203.0.113.15 - - [15/Aug/2025:09:15:21 +0000] "GET /terms.html HTTP/1.1" 200 1234 "-" "Mozilla/5.0 (Windows NT 10.0; Win64; x64)"
192.0.2.99 - - [15/Aug/2025:09:15:23 +0000] "GET /downloads/presentation.pptx HTTP/1.1" 200 6280 "-" "Mozilla/5.0 (Windows NT 10.0; Win64; x64)"
198.51.100.33 - - [15/Aug/2025:09:15:26 +0000] "GET /status HTTP/1.1" 200 345 "-" "Mozilla/5.0 (X11; Linux x86_64)"
192.168.43.22 - - [15/Aug/2025:09:15:29 +0000] "GET /reports/annual.html HTTP/1.1" 200 2834 "-" "Mozilla/5.0 (Windows NT 10.0; Win64; x64)"
198.51.100.22 - - [15/Aug/2025:09:15:40 +0000] "GET /scripts/utils.js HTTP/1.1" 200 920 "-" "Mozilla/5.0 (X11; Linux x86_64)"
203.0.113.88 - - [15/Aug/2025:09:15:42 +0000] "GET /archive/data.zip HTTP/1.1" 200 65234 "-" "Mozilla/5.0 (Windows NT 10.0; Win64; x64)"
192.0.2.15 - - [15/Aug/2025:09:15:44 +0000] "GET /news/latest.html HTTP/1.1" 200 2780 "-" "Mozilla/5.0 (Macintosh; Intel Mac OS X 10_14_6)"
198.51.100.45 - - [15/Aug/2025:09:15:46 +0000] "GET /media/audio.mp3 HTTP/1.1" 200 340000 "-" "Mozilla/5.0 (X11; Linux x86_64)"
203.0.113.17 - - [15/Aug/2025:09:15:48 +0000] "GET /blog/archive.html HTTP/1.1" 200 2450 "-" "Mozilla/5.0 (Windows NT 10.0; Win64; x64)"
192.168.43.55 - - [15/Aug/2025:09:15:50 +0000] "GET /downloads/report.pdf HTTP/1.1" 200 5932 "-" "Mozilla/5.0 (Windows NT 10.0; Win64; x64)"
203.0.113.19 - - [15/Aug/2025:09:15:52 +0000] "GET /api/status HTTP/1.1" 200 123 "-" "Mozilla/5.0 (Macintosh; Intel Mac OS X 10_15_7)"
198.51.100.31 - - [15/Aug/2025:09:15:54 +0000] "GET /admin HTTP/1.1" 403 214 "-" "Mozilla/5.0 (Windows NT 6.1; Win64; x64)"
192.0.2.20 - - [15/Aug/2025:09:15:56 +0000] "GET /gallery.html HTTP/1.1" 200 3254 "-" "Mozilla/5.0 (Windows NT 10.0; Win64; x64)"
198.51.100.90 - - [15/Aug/2025:09:15:58 +0000] "GET /robots.txt HTTP/1.1" 200 215 "-" "Mozilla/5.0 (X11; Linux x86_64)"
203.0.113.102 - - [15/Aug/2025:09:16:00 +0000] "GET /staff.html HTTP/1.1" 200 1840 "-" "Mozilla/5.0 (Macintosh; Intel Mac OS X 10_14_6)"
192.168.43.77 - - [15/Aug/2025:09:16:02 +0000] "GET /dashboard/reports HTTP/1.1" 200 3150 "-" "Mozilla/5.0 (Windows NT 10.0; Win64; x64)"
203.0.113.46 - - [15/Aug/2025:09:16:04 +0000] "GET /marketing/plan.docx HTTP/1.1" 200 5045 "-" "Mozilla/5.0 (Windows NT 10.0; Win64; x64)"
198.51.100.28 - - [15/Aug/2025:09:16:06 +0000] "GET /images/screenshot1.png HTTP/1.1" 200 2864 "-" "Mozilla/5.0 (X11; Linux x86_64)"
192.0.2.34 - - [15/Aug/2025:09:16:08 +0000] "GET /events.html HTTP/1.1" 200 2360 "-" "Mozilla/5.0 (Macintosh; Intel Mac OS X 10_15_7)"
203.0.113.111 - - [15/Aug/2025:09:16:10 +0000] "GET /archive/old_data.tar.gz HTTP/1.1" 200 785430 "-" "Mozilla/5.0 (Windows NT 10.0; Win64; x64)"
198.51.100.66 - - [15/Aug/2025:09:16:12 +0000] "GET /legal.html HTTP/1.1" 200 1745 "-" "Mozilla/5.0 (X11; Linux x86_64)"
192.0.2.40 - - [15/Aug/2025:09:16:14 +0000] "GET /images/photo.png HTTP/1.1" 200 2840 "-" "Mozilla/5.0 (Macintosh; Intel Mac OS X 10_14_6)"
203.0.113.55 - - [15/Aug/2025:09:16:16 +0000] "GET /archive/memo.txt HTTP/1.1" 200 540 "-" "Mozilla/5.0 (Windows NT 10.0; Win64; x64)"
198.51.100.92 - - [15/Aug/2025:09:16:18 +0000] "GET /reports/monthly.html HTTP/1.1" 200 3290 "-" "Mozilla/5.0 (Windows NT 6.1; Win64; x64)"
192.168.43.88 - - [15/Aug/2025:09:16:20 +0000] "GET /profile/settings HTTP/1.1" 200 1820 "-" "Mozilla/5.0 (Windows NT 10.0; Win64; x64)"
203.0.113.122 - - [15/Aug/2025:09:16:22 +0000] "GET /images/icons.png HTTP/1.1" 200 1234 "-" "Mozilla/5.0 (Macintosh; Intel Mac OS X 10_15_7)"
198.51.100.59 - - [15/Aug/2025:09:16:24 +0000] "GET /press.html HTTP/1.1" 200 1850 "-" "Mozilla/5.0 (Windows NT 6.1; Win64; x64)"
192.0.2.67 - - [15/Aug/2025:09:16:26 +0000] "GET /archive/index.html HTTP/1.1" 200 2080 "-" "Mozilla/5.0 (Macintosh; Intel Mac OS X 10_15_7)"
203.0.113.93 - - [15/Aug/2025:09:16:28 +0000] "GET /archive/hidden_notes.txt HTTP/1.1" 200 780 "-" "Mozilla/5.0 (Windows NT 10.0; Win64; x64)"
198.51.100.80 - - [15/Aug/2025:09:16:30 +0000] "GET /rss.xml HTTP/1.1" 200 534 "-" "Mozilla/5.0 (X11; Linux x86_64)"
192.168.43.14 - - [15/Aug/2025:09:16:32 +0000] "GET /archive/logs/old.log HTTP/1.1" 200 23450 "-" "Mozilla/5.0 (Windows NT 10.0; Win64; x64)"
203.0.113.101 - - [15/Aug/2025:09:16:34 +0000] "GET /css/theme.css HTTP/1.1" 200 1140 "-" "Mozilla/5.0 (Macintosh; Intel Mac OS X 10_15_7)"
198.51.100.19 - - [15/Aug/2025:09:16:36 +0000] "GET /scripts/vendor/jquery.js HTTP/1.1" 200 3470 "-" "Mozilla/5.0 (Windows NT 6.1; Win64; x64)"
192.0.2.88 - - [15/Aug/2025:09:16:38 +0000] "GET /downloads/secret_project.zip HTTP/1.1" 200 593820 "-" "Mozilla/5.0 (Windows NT 10.0; Win64; x64)"
203.0.113.61 - - [15/Aug/2025:09:16:40 +0000] "GET /api/users HTTP/1.1" 200 260 "-" "Mozilla/5.0 (Macintosh; Intel Mac OS X 10_14_6)"
198.51.100.38 - - [15/Aug/2025:09:16:42 +0000] "GET /downloads/software.exe HTTP/1.1" 200 734982 "-" "Mozilla/5.0 (Windows NT 6.1; Win64; x64)"
192.168.43.200 - - [15/Aug/2025:09:16:44 +0000] "GET /images/logo.png HTTP/1.1" 200 2830 "-" "Mozilla/5.0 (Windows NT 10.0; Win64; x64)"
203.0.113.74 - - [15/Aug/2025:09:16:46 +0000] "GET /archive/meetings/notes.docx HTTP/1.1" 200 4930 "-" "Mozilla/5.0 (Macintosh; Intel Mac OS X 10_15_7)"
198.51.100.14 - - [15/Aug/2025:09:16:48 +0000] "GET /images/banner2.png HTTP/1.1" 200 2340 "-" "Mozilla/5.0 (X11; Linux x86_64)"
192.0.2.49 - - [15/Aug/2025:09:16:50 +0000] "GET /team.html HTTP/1.1" 200 2100 "-" "Mozilla/5.0 (Macintosh; Intel Mac OS X 10_14_6)"
203.0.113.66 - - [15/Aug/2025:09:16:52 +0000] "GET /news/press_release.html HTTP/1.1" 200 2560 "-" "Mozilla/5.0 (Windows NT 10.0; Win64; x64)"
198.51.100.24 - - [15/Aug/2025:09:16:54 +0000] "GET /archive/training.pdf HTTP/1.1" 200 6043 "-" "Mozilla/5.0 (Windows NT 6.1; Win64; x64)"
192.168.43.100 - - [15/Aug/2025:09:16:56 +0000] "GET /jobs.html HTTP/1.1" 200 1845 "-" "Mozilla/5.0 (Windows NT 10.0; Win64; x64)"
203.0.113.35 - - [15/Aug/2025:09:16:58 +0000] "GET /archive/financials.xls HTTP/1.1" 200 10920 "-" "Mozilla/5.0 (Macintosh; Intel Mac OS X 10_15_7)"
198.51.100.47 - - [15/Aug/2025:09:17:00 +0000] "GET /archive/backup_2025.zip HTTP/1.1" 200 803920 "-" "Mozilla/5.0 (Windows NT 6.1; Win64; x64)"
192.0.2.11 - - [15/Aug/2025:09:17:02 +0000] "GET /downloads/guide.pdf HTTP/1.1" 200 5820 "-" "Mozilla/5.0 (Macintosh; Intel Mac OS X 10_15_7)"
203.0.113.150 - - [15/Aug/2025:09:17:04 +0000] "GET /archive/trips.html HTTP/1.1" 200 1740 "-" "Mozilla/5.0 (Windows NT 10.0; Win64; x64)"
198.51.100.73 - - [15/Aug/2025:09:17:06 +0000] "GET /scripts/config.js HTTP/1.1" 200 940 "-" "Mozilla/5.0 (X11; Linux x86_64)"
192.168.43.150 - - [15/Aug/2025:09:17:08 +0000] "GET /archive/photos.zip HTTP/1.1" 200 982340 "-" "Mozilla/5.0 (Windows NT 10.0; Win64; x64)"
203.0.113.200 - - [15/Aug/2025:09:17:10 +0000] "GET /index.html HTTP/1.1" 200 1534 "-" "Mozilla/5.0 (Macintosh; Intel Mac OS X 10_15_7)"
192.168.43.22 - - [15/Aug/2025:09:14:03 +0000] "GET /index.html HTTP/1.1" 200 1534 "-" "Mozilla/5.0 (Windows NT 10.0; Win64; x64)"
203.0.113.45 - - [15/Aug/2025:09:14:05 +0000] "GET /style.css HTTP/1.1" 200 512 "-" "Mozilla/5.0 (Macintosh; Intel Mac OS X 10_15_7)"
198.51.100.72 - - [15/Aug/2025:09:14:06 +0000] "GET /images/banner.png HTTP/1.1" 200 2048 "-" "Mozilla/5.0 (Windows NT 6.1; Win64; x64)"
10.0.0.12 - - [15/Aug/2025:09:14:07 +0000] "POST /login HTTP/1.1" 302 112 "-" "Mozilla/5.0 (X11; Linux x86_64)"
192.168.43.22 - - [15/Aug/2025:09:14:09 +0000] "GET /dashboard.html HTTP/1.1" 200 3542 "-" "Mozilla/5.0 (Windows NT 10.0; Win64; x64)"
203.0.113.45 - - [15/Aug/2025:09:14:10 +0000] "GET /scripts/app.js HTTP/1.1" 200 945 "-" "Mozilla/5.0 (Macintosh; Intel Mac OS X 10_15_7)"
198.51.100.72 - - [15/Aug/2025:09:14:12 +0000] "GET /favicon.ico HTTP/1.1" 200 428 "-" "Mozilla/5.0 (Windows NT 6.1; Win64; x64)"
203.0.113.15 - - [15/Aug/2025:09:14:15 +0000] "GET /robots.txt HTTP/1.1" 200 212 "-" "Mozilla/5.0 (Windows NT 10.0; Win64; x64)"
192.0.2.50 - - [15/Aug/2025:09:14:19 +0000] "GET /contact.html HTTP/1.1" 200 1345 "-" "Mozilla/5.0 (Windows NT 10.0; Win64; x64)"
198.51.100.13 - - [15/Aug/2025:09:14:20 +0000] "GET /blog/post1.html HTTP/1.1" 200 2280 "-" "Mozilla/5.0 (Macintosh; Intel Mac OS X 10_14_6)"
192.168.43.22 - - [15/Aug/2025:09:14:23 +0000] "GET /assets/logo.svg HTTP/1.1" 200 345 "-" "Mozilla/5.0 (Windows NT 10.0; Win64; x64)"
203.0.113.45 - - [15/Aug/2025:09:14:25 +0000] "GET /scripts/analytics.js HTTP/1.1" 200 1256 "-" "Mozilla/5.0 (Macintosh; Intel Mac OS X 10_15_7)"
198.51.100.72 - - [15/Aug/2025:09:14:28 +0000] "GET /images/team.jpg HTTP/1.1" 200 4200 "-" "Mozilla/5.0 (Windows NT 6.1; Win64; x64)"
203.0.113.15 - - [15/Aug/2025:09:14:31 +0000] "GET /downloads/manual.pdf HTTP/1.1" 200 5643 "-" "Mozilla/5.0 (Windows NT 10.0; Win64; x64)"
192.0.2.99 - - [15/Aug/2025:09:14:35 +0000] "GET /about.html HTTP/1.1" 200 1987 "-" "Mozilla/5.0 (Windows NT 10.0; Win64; x64)"
198.51.100.33 - - [15/Aug/2025:09:14:40 +0000] "GET /scripts/main.js HTTP/1.1" 200 1840 "-" "Mozilla/5.0 (X11; Linux x86_64)"
192.168.43.22 - - [15/Aug/2025:09:14:43 +0000] "GET /reports/summary.html HTTP/1.1" 200 1745 "-" "Mozilla/5.0 (Windows NT 10.0; Win64; x64)"
203.0.113.45 - - [15/Aug/2025:09:14:45 +0000] "GET /images/chart.png HTTP/1.1" 200 2748 "-" "Mozilla/5.0 (Macintosh; Intel Mac OS X 10_15_7)"
198.51.100.72 - - [15/Aug/2025:09:14:48 +0000] "GET /archive/LP_The_Leash_Protocol HTTP/1.1" 200 1480 "-" "Mozilla/5.0 (X11; Linux x86_64)"
198.51.100.72 - - [15/Aug/2025:09:14:49 +0000] "# FLAG: SEEN{User_AX-778_Accessed_LP_Archive}" "-" "-"
203.0.113.17 - - [15/Aug/2025:09:14:51 +0000] "GET /news.html HTTP/1.1" 200 1932 "-" "Mozilla/5.0 (Windows NT 10.0; Win64; x64)"
192.168.43.22 - - [15/Aug/2025:09:14:55 +0000] "GET /downloads/template.docx HTTP/1.1" 200 5345 "-" "Mozilla/5.0 (Windows NT 10.0; Win64; x64)"
203.0.113.45 - - [15/Aug/2025:09:14:57 +0000] "GET /assets/icons.svg HTTP/1.1" 200 856 "-" "Mozilla/5.0 (Macintosh; Intel Mac OS X 10_15_7)"
198.51.100.72 - - [15/Aug/2025:09:15:01 +0000] "GET /blog/post2.html HTTP/1.1" 200 2420 "-" "Mozilla/5.0 (Windows NT 6.1; Win64; x64)"
192.0.2.77 - - [15/Aug/2025:09:15:04 +0000] "GET /images/bg.jpg HTTP/1.1" 200 3900 "-" "Mozilla/5.0 (Macintosh; Intel Mac OS X 10_14_6)"
203.0.113.15 - - [15/Aug/2025:09:15:06 +0000] "GET /scripts/forms.js HTTP/1.1" 200 1124 "-" "Mozilla/5.0 (Windows NT 10.0; Win64; x64)"
192.0.2.50 - - [15/Aug/2025:09:15:09 +0000] "GET /support.html HTTP/1.1" 200 1634 "-" "Mozilla/5.0 (Windows NT 10.0; Win64; x64)"
